// Jest Snapshot v1, https://goo.gl/fbAQLP

exports[`PreferencesRow renders correctly 1`] = `
<div class="preferences-row">
    <p class="title">Title</p>
</div>
`;
