// Jest Snapshot v1, https://goo.gl/fbAQLP

exports[`PreferencesBoard renders correctly 1`] = `
<div class="preferences-board">
    <!---->
    <!---->
    <!---->
</div>
`;
