// Jest Snapshot v1, https://goo.gl/fbAQLP

exports[`Preferences Quit renders correctly 1`] = `
<span class="preferences-quit"><i class="fa fa-power-off icon"></i>
  Quit Pomojo
</span>
`;
