// Jest Snapshot v1, https://goo.gl/fbAQLP

exports[`TimerCounter renders correctly 1`] = `
<div class="timer-counter">
    25:00
</div>
`;
