// Jest Snapshot v1, https://goo.gl/fbAQLP

exports[`TimerButton renders correctly 1`] = `<div class="timer-button"><i class="icon fa fa-play"></i></div>`;
