// Jest Snapshot v1, https://goo.gl/fbAQLP

exports[`TimerToday renders correctly 1`] = `
<div class="timer-today">
    <div class="text">
        4/8
    </div> <progress max="100" value="50" class="progress"></progress></div>
`;
