// Jest Snapshot v1, https://goo.gl/fbAQLP

exports[`BaseBoard renders correctly 1`] = `
<div class="board">
    <router-view></router-view>
</div>
`;
